{"utc": "2026-09-06T13:23:38.152063+00:00", "event": "profile_scheduled", "run_id": "r1-0-idle", "repetition": 1, "model": "idle", "start_utc_epoch": 1788701023.1512902, "pid": 54909}
{"utc": "2026-09-06T13:23:43.157589+00:00", "event": "profile_progress", "run_id": "r1-0-idle", "seconds": 0, "volts": 5.401176, "watts": 2.314846812432}
{"utc": "2026-09-06T13:24:43.159645+00:00", "event": "profile_progress", "run_id": "r1-0-idle", "seconds": 60, "volts": 5.401016, "watts": 2.318785793184}
{"utc": "2026-09-06T13:25:43.159228+00:00", "event": "profile_progress", "run_id": "r1-0-idle", "seconds": 120, "volts": 5.40113, "watts": 2.3274549396000004}
{"utc": "2026-09-06T13:26:43.159382+00:00", "event": "profile_progress", "run_id": "r1-0-idle", "seconds": 180, "volts": 5.401109, "watts": 2.360576292886}
{"utc": "2026-09-06T13:27:43.155491+00:00", "event": "profile_progress", "run_id": "r1-0-idle", "seconds": 240, "volts": 5.401353, "watts": 2.3218256005800004}
{"utc": "2026-09-06T13:28:43.158551+00:00", "event": "profile_progress", "run_id": "r1-0-idle", "seconds": 300, "volts": 5.401351, "watts": 2.327215289158}
{"utc": "2026-09-06T13:29:43.154837+00:00", "event": "profile_progress", "run_id": "r1-0-idle", "seconds": 360, "volts": 5.401561, "watts": 2.324151257714}
{"utc": "2026-09-06T13:30:43.160889+00:00", "event": "profile_progress", "run_id": "r1-0-idle", "seconds": 420, "volts": 5.401249, "watts": 2.326069486846}
{"utc": "2026-09-06T13:31:43.160705+00:00", "event": "profile_progress", "run_id": "r1-0-idle", "seconds": 480, "volts": 5.400188, "watts": 2.3523542939279998}
{"utc": "2026-09-06T13:32:43.161474+00:00", "event": "profile_progress", "run_id": "r1-0-idle", "seconds": 540, "volts": 5.401559, "watts": 2.32099588671}
{"utc": "2026-09-06T13:33:43.137412+00:00", "event": "profile_progress", "run_id": "r1-0-idle", "seconds": 600, "volts": 5.401165, "watts": 2.3299005460499997}
{"utc": "2026-09-06T13:34:43.127135+00:00", "event": "profile_progress", "run_id": "r1-0-idle", "seconds": 660, "volts": 5.401272, "watts": 2.327289276816}
{"utc": "2026-09-06T13:35:43.127662+00:00", "event": "profile_progress", "run_id": "r1-0-idle", "seconds": 720, "volts": 5.401631, "watts": 2.32729271635}
{"utc": "2026-09-06T13:36:43.126431+00:00", "event": "profile_progress", "run_id": "r1-0-idle", "seconds": 780, "volts": 5.400654, "watts": 2.3326504756800004}
{"utc": "2026-09-06T13:37:43.126962+00:00", "event": "profile_progress", "run_id": "r1-0-idle", "seconds": 840, "volts": 5.400646, "watts": 2.354173995276}
{"utc": "2026-09-06T13:38:43.124455+00:00", "event": "profile_progress", "run_id": "r1-0-idle", "seconds": 900, "volts": 5.397228, "watts": 2.3227618365360003}
{"utc": "2026-09-06T13:39:43.126118+00:00", "event": "profile_progress", "run_id": "r1-0-idle", "seconds": 960, "volts": 5.400675, "watts": 2.3155934129999998}
{"utc": "2026-09-06T13:40:43.126048+00:00", "event": "profile_progress", "run_id": "r1-0-idle", "seconds": 1020, "volts": 5.400479, "watts": 2.320380608098}
{"utc": "2026-09-06T13:41:43.120486+00:00", "event": "profile_progress", "run_id": "r1-0-idle", "seconds": 1080, "volts": 5.401334, "watts": 2.3466851749760003}
{"utc": "2026-09-06T13:42:43.124206+00:00", "event": "profile_progress", "run_id": "r1-0-idle", "seconds": 1140, "volts": 5.40045, "watts": 2.3301429624}
{"utc": "2026-09-06T13:43:43.124754+00:00", "event": "profile_progress", "run_id": "r1-0-idle", "seconds": 1200, "volts": 5.400956, "watts": 2.336874840168}
{"utc": "2026-09-06T13:44:43.123277+00:00", "event": "profile_progress", "run_id": "r1-0-idle", "seconds": 1260, "volts": 5.401296, "watts": 2.33368394976}
{"utc": "2026-09-06T13:45:43.121632+00:00", "event": "profile_progress", "run_id": "r1-0-idle", "seconds": 1320, "volts": 5.401281, "watts": 2.3308255924920003}
{"utc": "2026-09-06T13:46:43.125624+00:00", "event": "profile_progress", "run_id": "r1-0-idle", "seconds": 1380, "volts": 5.4009, "watts": 2.3283711972}
{"utc": "2026-09-06T13:47:43.122583+00:00", "event": "profile_progress", "run_id": "r1-0-idle", "seconds": 1440, "volts": 5.401048, "watts": 2.357254993312}
{"utc": "2026-09-06T13:48:43.122348+00:00", "event": "profile_progress", "run_id": "r1-0-idle", "seconds": 1500, "volts": 5.401323, "watts": 2.32699797486}
{"utc": "2026-09-06T13:49:43.120703+00:00", "event": "profile_progress", "run_id": "r1-0-idle", "seconds": 1560, "volts": 5.400754, "watts": 2.375878096664}
{"utc": "2026-09-06T13:50:43.116241+00:00", "event": "profile_progress", "run_id": "r1-0-idle", "seconds": 1620, "volts": 5.400458, "watts": 2.322639777556}
{"utc": "2026-09-06T13:51:43.121073+00:00", "event": "profile_progress", "run_id": "r1-0-idle", "seconds": 1680, "volts": 5.400354, "watts": 2.34947801124}
{"utc": "2026-09-06T13:52:43.118811+00:00", "event": "profile_progress", "run_id": "r1-0-idle", "seconds": 1740, "volts": 5.399977, "watts": 2.3561179646399997}
{"utc": "2026-09-06T13:53:43.120448+00:00", "event": "profile_progress", "run_id": "r1-0-idle", "seconds": 1800, "volts": 5.400967, "watts": 2.314173934358}
{"utc": "2026-09-06T13:53:44.331815+00:00", "event": "profile_complete", "run_id": "r1-0-idle", "repetition": 1, "model": "idle", "status": "PASS", "power_samples": 1801, "telemetry_windows": 1800, "observed_duration_seconds": 1800.0012253335, "energy_joules": 4220.600871135055, "mean_watts": 2.3447766655564757, "voltage_min": 5.376285, "voltage_max": 5.401776, "maximum_temperature_c": 33.102, "scope": "instrumented idle or encoded-input static profile; uncalibrated meter; user-accepted above-label supply"}
{"utc": "2026-09-06T13:53:52.772142+00:00", "event": "profile_scheduled", "run_id": "r1-1-TinyDT", "repetition": 1, "model": "TinyDT", "start_utc_epoch": 1788702837.771222, "pid": 58226}
{"utc": "2026-09-06T13:53:57.779649+00:00", "event": "profile_progress", "run_id": "r1-1-TinyDT", "seconds": 0, "volts": 5.382877, "watts": 2.7826674993959997}
{"utc": "2026-09-06T13:54:57.774888+00:00", "event": "profile_progress", "run_id": "r1-1-TinyDT", "seconds": 60, "volts": 5.400302, "watts": 2.3436014607519997}
{"utc": "2026-09-06T13:55:57.773800+00:00", "event": "profile_progress", "run_id": "r1-1-TinyDT", "seconds": 120, "volts": 5.400601, "watts": 2.3284151151400003}
{"utc": "2026-09-06T13:56:57.776279+00:00", "event": "profile_progress", "run_id": "r1-1-TinyDT", "seconds": 180, "volts": 5.398707, "watts": 2.3660805194759997}
{"utc": "2026-09-06T13:57:57.775861+00:00", "event": "profile_progress", "run_id": "r1-1-TinyDT", "seconds": 240, "volts": 5.398137, "watts": 2.361782103966}
{"utc": "2026-09-06T13:58:57.775786+00:00", "event": "profile_progress", "run_id": "r1-1-TinyDT", "seconds": 300, "volts": 5.399779, "watts": 2.3455020042299997}
{"utc": "2026-09-06T13:59:57.774328+00:00", "event": "profile_progress", "run_id": "r1-1-TinyDT", "seconds": 360, "volts": 5.399518, "watts": 2.357440357836}
{"utc": "2026-09-06T14:00:57.775128+00:00", "event": "profile_progress", "run_id": "r1-1-TinyDT", "seconds": 420, "volts": 5.400446, "watts": 2.343350727428}
{"utc": "2026-09-06T14:01:57.770656+00:00", "event": "profile_progress", "run_id": "r1-1-TinyDT", "seconds": 480, "volts": 5.400516, "watts": 2.313764671944}
{"utc": "2026-09-06T14:02:57.839233+00:00", "event": "profile_progress", "run_id": "r1-1-TinyDT", "seconds": 540, "volts": 5.400609, "watts": 2.3298227226000003}
{"utc": "2026-09-06T14:03:57.840848+00:00", "event": "profile_progress", "run_id": "r1-1-TinyDT", "seconds": 600, "volts": 5.399077, "watts": 2.360724821942}
{"utc": "2026-09-06T14:04:57.841032+00:00", "event": "profile_progress", "run_id": "r1-1-TinyDT", "seconds": 660, "volts": 5.400361, "watts": 2.323148896424}
{"utc": "2026-09-06T14:05:57.845264+00:00", "event": "profile_progress", "run_id": "r1-1-TinyDT", "seconds": 720, "volts": 5.400431, "watts": 2.330437188568}
{"utc": "2026-09-06T14:06:57.848813+00:00", "event": "profile_progress", "run_id": "r1-1-TinyDT", "seconds": 780, "volts": 5.3989, "watts": 2.3321412374}
{"utc": "2026-09-06T14:07:57.845750+00:00", "event": "profile_progress", "run_id": "r1-1-TinyDT", "seconds": 840, "volts": 5.400226, "watts": 2.326352558088}
{"utc": "2026-09-06T14:08:57.844859+00:00", "event": "profile_progress", "run_id": "r1-1-TinyDT", "seconds": 900, "volts": 5.399836, "watts": 2.3316491848}
{"utc": "2026-09-06T14:09:57.845591+00:00", "event": "profile_progress", "run_id": "r1-1-TinyDT", "seconds": 960, "volts": 5.4, "watts": 2.3285772000000002}
{"utc": "2026-09-06T14:10:57.847778+00:00", "event": "profile_progress", "run_id": "r1-1-TinyDT", "seconds": 1020, "volts": 5.397675, "watts": 2.41819078605}
{"utc": "2026-09-06T14:11:57.844343+00:00", "event": "profile_progress", "run_id": "r1-1-TinyDT", "seconds": 1080, "volts": 5.399509, "watts": 2.341626666066}
{"utc": "2026-09-06T14:12:57.846312+00:00", "event": "profile_progress", "run_id": "r1-1-TinyDT", "seconds": 1140, "volts": 5.399616, "watts": 2.352472301184}
{"utc": "2026-09-06T14:13:57.846243+00:00", "event": "profile_progress", "run_id": "r1-1-TinyDT", "seconds": 1200, "volts": 5.400247, "watts": 2.319071271186}
{"utc": "2026-09-06T14:14:57.847462+00:00", "event": "profile_progress", "run_id": "r1-1-TinyDT", "seconds": 1260, "volts": 5.399674, "watts": 2.32277776458}
{"utc": "2026-09-06T14:15:57.852417+00:00", "event": "profile_progress", "run_id": "r1-1-TinyDT", "seconds": 1320, "volts": 5.396135, "watts": 2.42519574532}
{"utc": "2026-09-06T14:16:57.850592+00:00", "event": "profile_progress", "run_id": "r1-1-TinyDT", "seconds": 1380, "volts": 5.399903, "watts": 2.326580606968}
{"utc": "2026-09-06T14:17:57.854119+00:00", "event": "profile_progress", "run_id": "r1-1-TinyDT", "seconds": 1440, "volts": 5.395638, "watts": 2.3325558899520002}
{"utc": "2026-09-06T14:18:57.853522+00:00", "event": "profile_progress", "run_id": "r1-1-TinyDT", "seconds": 1500, "volts": 5.396691, "watts": 2.3489205511319997}
{"utc": "2026-09-06T14:19:57.856320+00:00", "event": "profile_progress", "run_id": "r1-1-TinyDT", "seconds": 1560, "volts": 5.394658, "watts": 2.372365591396}
{"utc": "2026-09-06T14:20:57.856836+00:00", "event": "profile_progress", "run_id": "r1-1-TinyDT", "seconds": 1620, "volts": 5.393535, "watts": 2.4271986207}
{"utc": "2026-09-06T14:21:57.855825+00:00", "event": "profile_progress", "run_id": "r1-1-TinyDT", "seconds": 1680, "volts": 5.396592, "watts": 2.355353371584}
{"utc": "2026-09-06T14:22:57.856124+00:00", "event": "profile_progress", "run_id": "r1-1-TinyDT", "seconds": 1740, "volts": 5.397242, "watts": 2.310807573332}
{"utc": "2026-09-06T14:23:57.856865+00:00", "event": "profile_progress", "run_id": "r1-1-TinyDT", "seconds": 1800, "volts": 5.397211, "watts": 2.320336569854}
{"utc": "2026-09-06T14:23:58.918252+00:00", "event": "profile_complete", "run_id": "r1-1-TinyDT", "repetition": 1, "model": "TinyDT", "status": "PASS", "power_samples": 1801, "telemetry_windows": 1800, "observed_duration_seconds": 1799.9974727709998, "energy_joules": 4228.854083689684, "mean_watts": 2.3493666783762697, "voltage_min": 5.381616, "voltage_max": 5.401055, "maximum_temperature_c": 33.102, "scope": "instrumented idle or encoded-input static profile; uncalibrated meter; user-accepted above-label supply"}
{"utc": "2026-09-06T14:24:07.562410+00:00", "event": "profile_scheduled", "run_id": "r1-2-HeavyMLP", "repetition": 1, "model": "HeavyMLP", "start_utc_epoch": 1788704652.561984, "pid": 61402}
{"utc": "2026-09-06T14:24:12.565163+00:00", "event": "profile_progress", "run_id": "r1-2-HeavyMLP", "seconds": 0, "volts": 5.379047, "watts": 2.802956843136}
{"utc": "2026-09-06T14:25:12.566539+00:00", "event": "profile_progress", "run_id": "r1-2-HeavyMLP", "seconds": 60, "volts": 5.395799, "watts": 2.3227295955300002}
{"utc": "2026-09-06T14:26:12.576514+00:00", "event": "profile_progress", "run_id": "r1-2-HeavyMLP", "seconds": 120, "volts": 5.395747, "watts": 2.351714746962}
{"utc": "2026-09-06T14:27:12.572366+00:00", "event": "profile_progress", "run_id": "r1-2-HeavyMLP", "seconds": 180, "volts": 5.395737, "watts": 2.361098970882}
{"utc": "2026-09-06T14:28:12.575196+00:00", "event": "profile_progress", "run_id": "r1-2-HeavyMLP", "seconds": 240, "volts": 5.396162, "watts": 2.349769535224}
{"utc": "2026-09-06T14:29:12.569976+00:00", "event": "profile_progress", "run_id": "r1-2-HeavyMLP", "seconds": 300, "volts": 5.396151, "watts": 2.329388879076}
{"utc": "2026-09-06T14:30:12.572079+00:00", "event": "profile_progress", "run_id": "r1-2-HeavyMLP", "seconds": 360, "volts": 5.393862, "watts": 2.38074280956}
{"utc": "2026-09-06T14:31:12.515551+00:00", "event": "profile_progress", "run_id": "r1-2-HeavyMLP", "seconds": 420, "volts": 5.393531, "watts": 2.4048568152180003}
{"utc": "2026-09-06T14:32:12.512096+00:00", "event": "profile_progress", "run_id": "r1-2-HeavyMLP", "seconds": 480, "volts": 5.396056, "watts": 2.345935346}
{"utc": "2026-09-06T14:33:12.513187+00:00", "event": "profile_progress", "run_id": "r1-2-HeavyMLP", "seconds": 540, "volts": 5.396097, "watts": 2.360533424844}
{"utc": "2026-09-06T14:34:12.514671+00:00", "event": "profile_progress", "run_id": "r1-2-HeavyMLP", "seconds": 600, "volts": 5.396273, "watts": 2.355861696156}
{"utc": "2026-09-06T14:35:12.514624+00:00", "event": "profile_progress", "run_id": "r1-2-HeavyMLP", "seconds": 660, "volts": 5.395754, "watts": 2.361462529608}
{"utc": "2026-09-06T14:36:12.511610+00:00", "event": "profile_progress", "run_id": "r1-2-HeavyMLP", "seconds": 720, "volts": 5.396044, "watts": 2.3594418231759997}
{"utc": "2026-09-06T14:37:12.514138+00:00", "event": "profile_progress", "run_id": "r1-2-HeavyMLP", "seconds": 780, "volts": 5.397008, "watts": 2.321922369792}
{"utc": "2026-09-06T14:38:12.511050+00:00", "event": "profile_progress", "run_id": "r1-2-HeavyMLP", "seconds": 840, "volts": 5.396424, "watts": 2.347703468352}
{"utc": "2026-09-06T14:39:12.510524+00:00", "event": "profile_progress", "run_id": "r1-2-HeavyMLP", "seconds": 900, "volts": 5.39589, "watts": 2.3520900345599998}
{"utc": "2026-09-06T14:40:12.517432+00:00", "event": "profile_progress", "run_id": "r1-2-HeavyMLP", "seconds": 960, "volts": 5.396085, "watts": 2.35953529578}
{"utc": "2026-09-06T14:41:12.517474+00:00", "event": "profile_progress", "run_id": "r1-2-HeavyMLP", "seconds": 1020, "volts": 5.396653, "watts": 2.3278246849379998}
{"utc": "2026-09-06T14:42:12.512329+00:00", "event": "profile_progress", "run_id": "r1-2-HeavyMLP", "seconds": 1080, "volts": 5.397165, "watts": 2.33190990423}
{"utc": "2026-09-06T14:43:12.516340+00:00", "event": "profile_progress", "run_id": "r1-2-HeavyMLP", "seconds": 1140, "volts": 5.397649, "watts": 2.323461193242}
{"utc": "2026-09-06T14:44:12.511195+00:00", "event": "profile_progress", "run_id": "r1-2-HeavyMLP", "seconds": 1200, "volts": 5.396472, "watts": 2.342867525856}
{"utc": "2026-09-06T14:45:12.517047+00:00", "event": "profile_progress", "run_id": "r1-2-HeavyMLP", "seconds": 1260, "volts": 5.397032, "watts": 2.336817709424}
{"utc": "2026-09-06T14:46:12.513893+00:00", "event": "profile_progress", "run_id": "r1-2-HeavyMLP", "seconds": 1320, "volts": 5.396727, "watts": 2.341056998784}
{"utc": "2026-09-06T14:47:12.514542+00:00", "event": "profile_progress", "run_id": "r1-2-HeavyMLP", "seconds": 1380, "volts": 5.396315, "watts": 2.35718594041}
{"utc": "2026-09-06T14:48:12.515599+00:00", "event": "profile_progress", "run_id": "r1-2-HeavyMLP", "seconds": 1440, "volts": 5.390534, "watts": 2.4797103264079996}
{"utc": "2026-09-06T14:49:12.512078+00:00", "event": "profile_progress", "run_id": "r1-2-HeavyMLP", "seconds": 1500, "volts": 5.396813, "watts": 2.3431019193319997}
{"utc": "2026-09-06T14:50:12.509934+00:00", "event": "profile_progress", "run_id": "r1-2-HeavyMLP", "seconds": 1560, "volts": 5.397783, "watts": 2.316501756714}
{"utc": "2026-09-06T14:51:12.508507+00:00", "event": "profile_progress", "run_id": "r1-2-HeavyMLP", "seconds": 1620, "volts": 5.396386, "watts": 2.352111973048}
{"utc": "2026-09-06T14:52:12.509167+00:00", "event": "profile_progress", "run_id": "r1-2-HeavyMLP", "seconds": 1680, "volts": 5.391755, "watts": 2.43970443644}
{"utc": "2026-09-06T14:53:12.509066+00:00", "event": "profile_progress", "run_id": "r1-2-HeavyMLP", "seconds": 1740, "volts": 5.397154, "watts": 2.324154838404}
{"utc": "2026-09-06T14:54:12.508956+00:00", "event": "profile_progress", "run_id": "r1-2-HeavyMLP", "seconds": 1800, "volts": 5.392928, "watts": 2.4342598406400002}
{"utc": "2026-09-06T14:54:13.627577+00:00", "event": "profile_complete", "run_id": "r1-2-HeavyMLP", "repetition": 1, "model": "HeavyMLP", "status": "PASS", "power_samples": 1801, "telemetry_windows": 1800, "observed_duration_seconds": 1800.0042718120003, "energy_joules": 4257.805978459568, "mean_watts": 2.3654421520752202, "voltage_min": 5.379047, "voltage_max": 5.39791, "maximum_temperature_c": 34.076, "scope": "instrumented idle or encoded-input static profile; uncalibrated meter; user-accepted above-label supply"}
{"utc": "2026-09-06T14:54:22.195282+00:00", "event": "profile_scheduled", "run_id": "r1-3-LightLR", "repetition": 1, "model": "LightLR", "start_utc_epoch": 1788706467.1949499, "pid": 64372}
{"utc": "2026-09-06T14:54:27.203513+00:00", "event": "profile_progress", "run_id": "r1-3-LightLR", "seconds": 0, "volts": 5.379248, "watts": 2.808967996128}
{"utc": "2026-09-06T14:55:27.201860+00:00", "event": "profile_progress", "run_id": "r1-3-LightLR", "seconds": 60, "volts": 5.397223, "watts": 2.341304542954}
{"utc": "2026-09-06T14:56:27.200413+00:00", "event": "profile_progress", "run_id": "r1-3-LightLR", "seconds": 120, "volts": 5.397692, "watts": 2.332493848576}
{"utc": "2026-09-06T14:57:27.201470+00:00", "event": "profile_progress", "run_id": "r1-3-LightLR", "seconds": 180, "volts": 5.397783, "watts": 2.3210898722640003}
{"utc": "2026-09-06T14:58:27.198083+00:00", "event": "profile_progress", "run_id": "r1-3-LightLR", "seconds": 240, "volts": 5.396156, "watts": 2.343453419992}
{"utc": "2026-09-06T14:59:27.199871+00:00", "event": "profile_progress", "run_id": "r1-3-LightLR", "seconds": 300, "volts": 5.39744, "watts": 2.33626031424}
{"utc": "2026-09-06T15:00:27.262469+00:00", "event": "profile_progress", "run_id": "r1-3-LightLR", "seconds": 360, "volts": 5.396553, "watts": 2.340085691178}
{"utc": "2026-09-06T15:01:27.264210+00:00", "event": "profile_progress", "run_id": "r1-3-LightLR", "seconds": 420, "volts": 5.397386, "watts": 2.3193539171479998}
{"utc": "2026-09-06T15:02:27.259035+00:00", "event": "profile_progress", "run_id": "r1-3-LightLR", "seconds": 480, "volts": 5.397629, "watts": 2.3348307860140003}
{"utc": "2026-09-06T15:03:27.269781+00:00", "event": "profile_progress", "run_id": "r1-3-LightLR", "seconds": 540, "volts": 5.397763, "watts": 2.319246032684}
{"utc": "2026-09-06T15:04:27.268660+00:00", "event": "profile_progress", "run_id": "r1-3-LightLR", "seconds": 600, "volts": 5.396381, "watts": 2.35816453319}
{"utc": "2026-09-06T15:05:27.271503+00:00", "event": "profile_progress", "run_id": "r1-3-LightLR", "seconds": 660, "volts": 5.397583, "watts": 2.329586027634}
{"utc": "2026-09-06T15:06:27.270325+00:00", "event": "profile_progress", "run_id": "r1-3-LightLR", "seconds": 720, "volts": 5.396658, "watts": 2.3415883195680003}
{"utc": "2026-09-06T15:07:27.267296+00:00", "event": "profile_progress", "run_id": "r1-3-LightLR", "seconds": 780, "volts": 5.396603, "watts": 2.3390604314959997}
{"utc": "2026-09-06T15:08:27.271946+00:00", "event": "profile_progress", "run_id": "r1-3-LightLR", "seconds": 840, "volts": 5.396605, "watts": 2.34804124908}
{"utc": "2026-09-06T15:09:27.269695+00:00", "event": "profile_progress", "run_id": "r1-3-LightLR", "seconds": 900, "volts": 5.396641, "watts": 2.344603062296}
{"utc": "2026-09-06T15:10:27.270503+00:00", "event": "profile_progress", "run_id": "r1-3-LightLR", "seconds": 960, "volts": 5.397495, "watts": 2.3279719784700004}
{"utc": "2026-09-06T15:11:27.273421+00:00", "event": "profile_progress", "run_id": "r1-3-LightLR", "seconds": 1020, "volts": 5.397323, "watts": 2.327908588484}
{"utc": "2026-09-06T15:12:27.276183+00:00", "event": "profile_progress", "run_id": "r1-3-LightLR", "seconds": 1080, "volts": 5.397061, "watts": 2.34572462243}
{"utc": "2026-09-06T15:13:27.276008+00:00", "event": "profile_progress", "run_id": "r1-3-LightLR", "seconds": 1140, "volts": 5.397681, "watts": 2.3174187698160003}
{"utc": "2026-09-06T15:14:27.272866+00:00", "event": "profile_progress", "run_id": "r1-3-LightLR", "seconds": 1200, "volts": 5.396393, "watts": 2.35563347236}
{"utc": "2026-09-06T15:15:27.273949+00:00", "event": "profile_progress", "run_id": "r1-3-LightLR", "seconds": 1260, "volts": 5.397869, "watts": 2.326773023926}
{"utc": "2026-09-06T15:16:27.280564+00:00", "event": "profile_progress", "run_id": "r1-3-LightLR", "seconds": 1320, "volts": 5.397793, "watts": 2.3170998055239997}
{"utc": "2026-09-06T15:17:27.281171+00:00", "event": "profile_progress", "run_id": "r1-3-LightLR", "seconds": 1380, "volts": 5.397292, "watts": 2.33637976096}
{"utc": "2026-09-06T15:18:27.280157+00:00", "event": "profile_progress", "run_id": "r1-3-LightLR", "seconds": 1440, "volts": 5.397719, "watts": 2.3219475776680003}
{"utc": "2026-09-06T15:19:27.273858+00:00", "event": "profile_progress", "run_id": "r1-3-LightLR", "seconds": 1500, "volts": 5.397712, "watts": 2.3348774844160003}
{"utc": "2026-09-06T15:20:27.276625+00:00", "event": "profile_progress", "run_id": "r1-3-LightLR", "seconds": 1560, "volts": 5.396278, "watts": 2.3624905084}
{"utc": "2026-09-06T15:21:27.278369+00:00", "event": "profile_progress", "run_id": "r1-3-LightLR", "seconds": 1620, "volts": 5.396803, "watts": 2.3450296331660003}
{"utc": "2026-09-06T15:22:27.284316+00:00", "event": "profile_progress", "run_id": "r1-3-LightLR", "seconds": 1680, "volts": 5.397837, "watts": 2.326608090762}
{"utc": "2026-09-06T15:23:27.277114+00:00", "event": "profile_progress", "run_id": "r1-3-LightLR", "seconds": 1740, "volts": 5.396459, "watts": 2.361630766334}
{"utc": "2026-09-06T15:24:27.277950+00:00", "event": "profile_progress", "run_id": "r1-3-LightLR", "seconds": 1800, "volts": 5.397942, "watts": 2.325627739512}
{"utc": "2026-09-06T15:24:28.343657+00:00", "event": "profile_complete", "run_id": "r1-3-LightLR", "repetition": 1, "model": "LightLR", "status": "PASS", "power_samples": 1801, "telemetry_windows": 1800, "observed_duration_seconds": 1799.9953512289994, "energy_joules": 4224.380253912407, "mean_watts": 2.346883980021442, "voltage_min": 5.372501, "voltage_max": 5.398136, "maximum_temperature_c": 33.102, "scope": "instrumented idle or encoded-input static profile; uncalibrated meter; user-accepted above-label supply"}
{"utc": "2026-09-06T15:24:36.986444+00:00", "event": "profile_scheduled", "run_id": "r1-4-MedRF", "repetition": 1, "model": "MedRF", "start_utc_epoch": 1788708281.984874, "pid": 66419}
{"utc": "2026-09-06T15:24:41.989366+00:00", "event": "profile_progress", "run_id": "r1-4-MedRF", "seconds": 0, "volts": 5.379721, "watts": 2.793215699852}
{"utc": "2026-09-06T15:25:41.989780+00:00", "event": "profile_progress", "run_id": "r1-4-MedRF", "seconds": 60, "volts": 5.396406, "watts": 2.351764527612}
{"utc": "2026-09-06T15:26:41.991808+00:00", "event": "profile_progress", "run_id": "r1-4-MedRF", "seconds": 120, "volts": 5.395395, "watts": 2.38543361898}
{"utc": "2026-09-06T15:27:41.991622+00:00", "event": "profile_progress", "run_id": "r1-4-MedRF", "seconds": 180, "volts": 5.396077, "watts": 2.37848282006}
{"utc": "2026-09-06T15:28:41.994340+00:00", "event": "profile_progress", "run_id": "r1-4-MedRF", "seconds": 240, "volts": 5.393512, "watts": 2.43587182456}
{"utc": "2026-09-06T15:29:41.997139+00:00", "event": "profile_progress", "run_id": "r1-4-MedRF", "seconds": 300, "volts": 5.393483, "watts": 2.434262256322}
{"utc": "2026-09-06T15:30:41.998559+00:00", "event": "profile_progress", "run_id": "r1-4-MedRF", "seconds": 360, "volts": 5.396598, "watts": 2.362544258832}
{"utc": "2026-09-06T15:31:42.006585+00:00", "event": "profile_progress", "run_id": "r1-4-MedRF", "seconds": 420, "volts": 5.396691, "watts": 2.350021476096}
{"utc": "2026-09-06T15:32:41.998383+00:00", "event": "profile_progress", "run_id": "r1-4-MedRF", "seconds": 480, "volts": 5.395199, "watts": 2.373089070548}
{"utc": "2026-09-06T15:33:42.007275+00:00", "event": "profile_progress", "run_id": "r1-4-MedRF", "seconds": 540, "volts": 5.396633, "watts": 2.3572492944}
{"utc": "2026-09-06T15:34:42.003174+00:00", "event": "profile_progress", "run_id": "r1-4-MedRF", "seconds": 600, "volts": 5.396673, "watts": 2.3532300549959997}
{"utc": "2026-09-06T15:35:42.004892+00:00", "event": "profile_progress", "run_id": "r1-4-MedRF", "seconds": 660, "volts": 5.394314, "watts": 2.4021959104799997}
{"utc": "2026-09-06T15:36:42.003784+00:00", "event": "profile_progress", "run_id": "r1-4-MedRF", "seconds": 720, "volts": 5.395643, "watts": 2.3835145039639998}
{"utc": "2026-09-06T15:37:42.008798+00:00", "event": "profile_progress", "run_id": "r1-4-MedRF", "seconds": 780, "volts": 5.395985, "watts": 2.36741287496}
{"utc": "2026-09-06T15:38:42.011369+00:00", "event": "profile_progress", "run_id": "r1-4-MedRF", "seconds": 840, "volts": 5.396057, "watts": 2.3543320454420003}
{"utc": "2026-09-06T15:39:42.013459+00:00", "event": "profile_progress", "run_id": "r1-4-MedRF", "seconds": 900, "volts": 5.396341, "watts": 2.388409733918}
{"utc": "2026-09-06T15:40:42.012231+00:00", "event": "profile_progress", "run_id": "r1-4-MedRF", "seconds": 960, "volts": 5.394619, "watts": 2.393829813536}
{"utc": "2026-09-06T15:41:42.007024+00:00", "event": "profile_progress", "run_id": "r1-4-MedRF", "seconds": 1020, "volts": 5.395782, "watts": 2.35838839656}
{"utc": "2026-09-06T15:42:42.008799+00:00", "event": "profile_progress", "run_id": "r1-4-MedRF", "seconds": 1080, "volts": 5.396439, "watts": 2.364374197704}
{"utc": "2026-09-06T15:43:42.016762+00:00", "event": "profile_progress", "run_id": "r1-4-MedRF", "seconds": 1140, "volts": 5.396129, "watts": 2.35859402461}
{"utc": "2026-09-06T15:44:42.016633+00:00", "event": "profile_progress", "run_id": "r1-4-MedRF", "seconds": 1200, "volts": 5.395872, "watts": 2.373903094656}
{"utc": "2026-09-06T15:45:42.018575+00:00", "event": "profile_progress", "run_id": "r1-4-MedRF", "seconds": 1260, "volts": 5.391824, "watts": 2.4794734009919996}
{"utc": "2026-09-06T15:46:42.010322+00:00", "event": "profile_progress", "run_id": "r1-4-MedRF", "seconds": 1320, "volts": 5.396371, "watts": 2.361527498794}
{"utc": "2026-09-06T15:47:42.019454+00:00", "event": "profile_progress", "run_id": "r1-4-MedRF", "seconds": 1380, "volts": 5.396424, "watts": 2.357686852752}
{"utc": "2026-09-06T15:48:42.021027+00:00", "event": "profile_progress", "run_id": "r1-4-MedRF", "seconds": 1440, "volts": 5.395346, "watts": 2.387462186384}
{"utc": "2026-09-06T15:49:42.022019+00:00", "event": "profile_progress", "run_id": "r1-4-MedRF", "seconds": 1500, "volts": 5.395725, "watts": 2.36407216005}
{"utc": "2026-09-06T15:50:42.020784+00:00", "event": "profile_progress", "run_id": "r1-4-MedRF", "seconds": 1560, "volts": 5.396526, "watts": 2.3477370501959998}
{"utc": "2026-09-06T15:51:42.020476+00:00", "event": "profile_progress", "run_id": "r1-4-MedRF", "seconds": 1620, "volts": 5.39562, "watts": 2.3724433227599997}
{"utc": "2026-09-06T15:52:42.024606+00:00", "event": "profile_progress", "run_id": "r1-4-MedRF", "seconds": 1680, "volts": 5.396007, "watts": 2.360634350346}
{"utc": "2026-09-06T15:53:42.025464+00:00", "event": "profile_progress", "run_id": "r1-4-MedRF", "seconds": 1740, "volts": 5.391861, "watts": 2.469752714772}
{"utc": "2026-09-06T15:54:42.019208+00:00", "event": "profile_progress", "run_id": "r1-4-MedRF", "seconds": 1800, "volts": 5.396168, "watts": 2.361114893072}
{"utc": "2026-09-06T15:54:43.180349+00:00", "event": "profile_complete", "run_id": "r1-4-MedRF", "repetition": 1, "model": "MedRF", "status": "PASS", "power_samples": 1801, "telemetry_windows": 1800, "observed_duration_seconds": 1800.0016978334988, "energy_joules": 4306.795870256884, "mean_watts": 2.392662115508329, "voltage_min": 5.378985, "voltage_max": 5.397613, "maximum_temperature_c": 33.589, "scope": "instrumented idle or encoded-input static profile; uncalibrated meter; user-accepted above-label supply"}
{"utc": "2026-09-06T15:54:51.713010+00:00", "event": "profile_scheduled", "run_id": "r2-0-idle", "repetition": 2, "model": "idle", "start_utc_epoch": 1788710096.711243, "pid": 68346}
{"utc": "2026-09-06T15:54:56.723603+00:00", "event": "profile_progress", "run_id": "r2-0-idle", "seconds": 0, "volts": 5.379754, "watts": 2.79892461358}
{"utc": "2026-09-06T15:55:56.725238+00:00", "event": "profile_progress", "run_id": "r2-0-idle", "seconds": 60, "volts": 5.397497, "watts": 2.3279620460880004}
{"utc": "2026-09-06T15:56:56.720138+00:00", "event": "profile_progress", "run_id": "r2-0-idle", "seconds": 120, "volts": 5.39819, "watts": 2.3218586864199997}
{"utc": "2026-09-06T15:57:56.725852+00:00", "event": "profile_progress", "run_id": "r2-0-idle", "seconds": 180, "volts": 5.397859, "watts": 2.3188230649380004}
{"utc": "2026-09-06T15:58:56.722657+00:00", "event": "profile_progress", "run_id": "r2-0-idle", "seconds": 240, "volts": 5.397389, "watts": 2.32708426735}
{"utc": "2026-09-06T15:59:56.720583+00:00", "event": "profile_progress", "run_id": "r2-0-idle", "seconds": 300, "volts": 5.397989, "watts": 2.316579367284}
{"utc": "2026-09-06T16:00:56.715277+00:00", "event": "profile_progress", "run_id": "r2-0-idle", "seconds": 360, "volts": 5.397876, "watts": 2.317761588384}
{"utc": "2026-09-06T16:01:56.706716+00:00", "event": "profile_progress", "run_id": "r2-0-idle", "seconds": 420, "volts": 5.397532, "watts": 2.342183445952}
{"utc": "2026-09-06T16:02:56.712212+00:00", "event": "profile_progress", "run_id": "r2-0-idle", "seconds": 480, "volts": 5.398073, "watts": 2.311735558396}
{"utc": "2026-09-06T16:03:56.717864+00:00", "event": "profile_progress", "run_id": "r2-0-idle", "seconds": 540, "volts": 5.398148, "watts": 2.3211712511119997}
{"utc": "2026-09-06T16:04:56.717411+00:00", "event": "profile_progress", "run_id": "r2-0-idle", "seconds": 600, "volts": 5.397559, "watts": 2.32381107627}
{"utc": "2026-09-06T16:05:56.709177+00:00", "event": "profile_progress", "run_id": "r2-0-idle", "seconds": 660, "volts": 5.3978, "watts": 2.3341490628}
{"utc": "2026-09-06T16:06:56.717408+00:00", "event": "profile_progress", "run_id": "r2-0-idle", "seconds": 720, "volts": 5.398006, "watts": 2.3330721732599997}
{"utc": "2026-09-06T16:07:56.718375+00:00", "event": "profile_progress", "run_id": "r2-0-idle", "seconds": 780, "volts": 5.397482, "watts": 2.333752472196}
{"utc": "2026-09-06T16:08:56.714903+00:00", "event": "profile_progress", "run_id": "r2-0-idle", "seconds": 840, "volts": 5.397892, "watts": 2.341076556184}
{"utc": "2026-09-06T16:09:56.716397+00:00", "event": "profile_progress", "run_id": "r2-0-idle", "seconds": 900, "volts": 5.398092, "watts": 2.3276032894800003}
{"utc": "2026-09-06T16:10:56.717141+00:00", "event": "profile_progress", "run_id": "r2-0-idle", "seconds": 960, "volts": 5.39712, "watts": 2.33098374528}
{"utc": "2026-09-06T16:11:56.712713+00:00", "event": "profile_progress", "run_id": "r2-0-idle", "seconds": 1020, "volts": 5.396472, "watts": 2.3761961369280002}
{"utc": "2026-09-06T16:12:56.721323+00:00", "event": "profile_progress", "run_id": "r2-0-idle", "seconds": 1080, "volts": 5.397104, "watts": 2.350427997792}
{"utc": "2026-09-06T16:13:56.717925+00:00", "event": "profile_progress", "run_id": "r2-0-idle", "seconds": 1140, "volts": 5.397752, "watts": 2.310950359264}
{"utc": "2026-09-06T16:14:56.719561+00:00", "event": "profile_progress", "run_id": "r2-0-idle", "seconds": 1200, "volts": 5.397547, "watts": 2.330855106292}
{"utc": "2026-09-06T16:15:56.720151+00:00", "event": "profile_progress", "run_id": "r2-0-idle", "seconds": 1260, "volts": 5.398211, "watts": 2.313694827444}
{"utc": "2026-09-06T16:16:56.719712+00:00", "event": "profile_progress", "run_id": "r2-0-idle", "seconds": 1320, "volts": 5.397577, "watts": 2.338640572252}
{"utc": "2026-09-06T16:17:56.726262+00:00", "event": "profile_progress", "run_id": "r2-0-idle", "seconds": 1380, "volts": 5.397488, "watts": 2.33398176096}
{"utc": "2026-09-06T16:18:56.720893+00:00", "event": "profile_progress", "run_id": "r2-0-idle", "seconds": 1440, "volts": 5.397673, "watts": 2.334191302812}
{"utc": "2026-09-06T16:19:56.727478+00:00", "event": "profile_progress", "run_id": "r2-0-idle", "seconds": 1500, "volts": 5.39783, "watts": 2.33220802112}
{"utc": "2026-09-06T16:20:56.723040+00:00", "event": "profile_progress", "run_id": "r2-0-idle", "seconds": 1560, "volts": 5.396384, "watts": 2.353222756416}
{"utc": "2026-09-06T16:21:56.728644+00:00", "event": "profile_progress", "run_id": "r2-0-idle", "seconds": 1620, "volts": 5.398098, "watts": 2.3213656753320002}
{"utc": "2026-09-06T16:22:56.724238+00:00", "event": "profile_progress", "run_id": "r2-0-idle", "seconds": 1680, "volts": 5.396579, "watts": 2.345612269192}
{"utc": "2026-09-06T16:23:56.727892+00:00", "event": "profile_progress", "run_id": "r2-0-idle", "seconds": 1740, "volts": 5.397566, "watts": 2.3347171733}
{"utc": "2026-09-06T16:24:56.723445+00:00", "event": "profile_progress", "run_id": "r2-0-idle", "seconds": 1800, "volts": 5.397915, "watts": 2.33193166749}
{"utc": "2026-09-06T16:24:57.903850+00:00", "event": "profile_complete", "run_id": "r2-0-idle", "repetition": 2, "model": "idle", "status": "PASS", "power_samples": 1801, "telemetry_windows": 1800, "observed_duration_seconds": 1799.9938021874987, "energy_joules": 4194.96032383762, "mean_watts": 2.330541537831721, "voltage_min": 5.379143, "voltage_max": 5.398276, "maximum_temperature_c": 33.589, "scope": "instrumented idle or encoded-input static profile; uncalibrated meter; user-accepted above-label supply"}
{"utc": "2026-09-06T16:25:06.473075+00:00", "event": "profile_scheduled", "run_id": "r2-1-MedRF", "repetition": 2, "model": "MedRF", "start_utc_epoch": 1788711911.471452, "pid": 70203}
{"utc": "2026-09-06T16:25:11.480474+00:00", "event": "profile_progress", "run_id": "r2-1-MedRF", "seconds": 0, "volts": 5.379119, "watts": 2.807932392714}
{"utc": "2026-09-06T16:26:11.481196+00:00", "event": "profile_progress", "run_id": "r2-1-MedRF", "seconds": 60, "volts": 5.394608, "watts": 2.413396570176}
{"utc": "2026-09-06T16:27:11.482966+00:00", "event": "profile_progress", "run_id": "r2-1-MedRF", "seconds": 120, "volts": 5.395952, "watts": 2.3655961487040003}
{"utc": "2026-09-06T16:28:11.486459+00:00", "event": "profile_progress", "run_id": "r2-1-MedRF", "seconds": 180, "volts": 5.394432, "watts": 2.417374445568}
{"utc": "2026-09-06T16:29:11.478075+00:00", "event": "profile_progress", "run_id": "r2-1-MedRF", "seconds": 240, "volts": 5.396307, "watts": 2.370770346924}
{"utc": "2026-09-06T16:30:11.410569+00:00", "event": "profile_progress", "run_id": "r2-1-MedRF", "seconds": 300, "volts": 5.39544, "watts": 2.39694580176}
{"utc": "2026-09-06T16:31:11.401829+00:00", "event": "profile_progress", "run_id": "r2-1-MedRF", "seconds": 360, "volts": 5.393841, "watts": 2.43677554857}
{"utc": "2026-09-06T16:32:11.410081+00:00", "event": "profile_progress", "run_id": "r2-1-MedRF", "seconds": 420, "volts": 5.396207, "watts": 2.366150430188}
{"utc": "2026-09-06T16:33:11.406160+00:00", "event": "profile_progress", "run_id": "r2-1-MedRF", "seconds": 480, "volts": 5.393873, "watts": 2.3738435073}
{"utc": "2026-09-06T16:34:11.400491+00:00", "event": "profile_progress", "run_id": "r2-1-MedRF", "seconds": 540, "volts": 5.395133, "watts": 2.3984926972780003}
{"utc": "2026-09-06T16:35:11.402788+00:00", "event": "profile_progress", "run_id": "r2-1-MedRF", "seconds": 600, "volts": 5.394969, "watts": 2.3715852126479997}
{"utc": "2026-09-06T16:36:11.396767+00:00", "event": "profile_progress", "run_id": "r2-1-MedRF", "seconds": 660, "volts": 5.393123, "watts": 2.3875355521}
{"utc": "2026-09-06T16:37:11.400987+00:00", "event": "profile_progress", "run_id": "r2-1-MedRF", "seconds": 720, "volts": 5.396029, "watts": 2.361885061532}
{"utc": "2026-09-06T16:38:11.404148+00:00", "event": "profile_progress", "run_id": "r2-1-MedRF", "seconds": 780, "volts": 5.395859, "watts": 2.3794659018199997}
{"utc": "2026-09-06T16:39:11.400461+00:00", "event": "profile_progress", "run_id": "r2-1-MedRF", "seconds": 840, "volts": 5.392627, "watts": 2.42026492387}
{"utc": "2026-09-06T16:40:11.402561+00:00", "event": "profile_progress", "run_id": "r2-1-MedRF", "seconds": 900, "volts": 5.395352, "watts": 2.385695165952}
{"utc": "2026-09-06T16:41:11.397887+00:00", "event": "profile_progress", "run_id": "r2-1-MedRF", "seconds": 960, "volts": 5.392217, "watts": 2.426152548112}
{"utc": "2026-09-06T16:42:11.402021+00:00", "event": "profile_progress", "run_id": "r2-1-MedRF", "seconds": 1020, "volts": 5.396645, "watts": 2.34220868974}
{"utc": "2026-09-06T16:43:11.401193+00:00", "event": "profile_progress", "run_id": "r2-1-MedRF", "seconds": 1080, "volts": 5.395739, "watts": 2.370229436442}
{"utc": "2026-09-06T16:44:11.392440+00:00", "event": "profile_progress", "run_id": "r2-1-MedRF", "seconds": 1140, "volts": 5.396026, "watts": 2.364355128316}
{"utc": "2026-09-06T16:45:11.398584+00:00", "event": "profile_progress", "run_id": "r2-1-MedRF", "seconds": 1200, "volts": 5.395222, "watts": 2.3748364486280003}
{"utc": "2026-09-06T16:46:11.398923+00:00", "event": "profile_progress", "run_id": "r2-1-MedRF", "seconds": 1260, "volts": 5.396087, "watts": 2.3541616676639996}
{"utc": "2026-09-06T16:47:11.398018+00:00", "event": "profile_progress", "run_id": "r2-1-MedRF", "seconds": 1320, "volts": 5.392357, "watts": 2.451947866756}
{"utc": "2026-09-06T16:48:11.388139+00:00", "event": "profile_progress", "run_id": "r2-1-MedRF", "seconds": 1380, "volts": 5.379195, "watts": 2.81285637423}
{"utc": "2026-09-06T16:49:11.393521+00:00", "event": "profile_progress", "run_id": "r2-1-MedRF", "seconds": 1440, "volts": 5.3959, "watts": 2.3598213224}
{"utc": "2026-09-06T16:50:11.393723+00:00", "event": "profile_progress", "run_id": "r2-1-MedRF", "seconds": 1500, "volts": 5.393465, "watts": 2.49000098655}
{"utc": "2026-09-06T16:51:11.386847+00:00", "event": "profile_progress", "run_id": "r2-1-MedRF", "seconds": 1560, "volts": 5.396436, "watts": 2.35651567248}
{"utc": "2026-09-06T16:52:11.385056+00:00", "event": "profile_progress", "run_id": "r2-1-MedRF", "seconds": 1620, "volts": 5.392792, "watts": 2.414061767632}
{"utc": "2026-09-06T16:53:11.393213+00:00", "event": "profile_progress", "run_id": "r2-1-MedRF", "seconds": 1680, "volts": 5.395751, "watts": 2.378619704832}
{"utc": "2026-09-06T16:54:11.391354+00:00", "event": "profile_progress", "run_id": "r2-1-MedRF", "seconds": 1740, "volts": 5.393873, "watts": 2.394199984002}
{"utc": "2026-09-06T16:55:11.383588+00:00", "event": "profile_progress", "run_id": "r2-1-MedRF", "seconds": 1800, "volts": 5.390144, "watts": 2.5197090551040002}
{"utc": "2026-09-06T16:55:12.553884+00:00", "event": "profile_complete", "run_id": "r2-1-MedRF", "repetition": 2, "model": "MedRF", "status": "PASS", "power_samples": 1801, "telemetry_windows": 1800, "observed_duration_seconds": 1799.9955494994992, "energy_joules": 4317.743683201059, "mean_watts": 2.3987524215832847, "voltage_min": 5.369272, "voltage_max": 5.397528, "maximum_temperature_c": 33.102, "scope": "instrumented idle or encoded-input static profile; uncalibrated meter; user-accepted above-label supply"}
{"utc": "2026-09-06T16:55:21.099000+00:00", "event": "profile_scheduled", "run_id": "r2-2-LightLR", "repetition": 2, "model": "LightLR", "start_utc_epoch": 1788713726.0974422, "pid": 72481}
{"utc": "2026-09-06T16:55:26.103148+00:00", "event": "profile_progress", "run_id": "r2-2-LightLR", "seconds": 0, "volts": 5.379705, "watts": 2.79807064578}
{"utc": "2026-09-06T16:56:26.106542+00:00", "event": "profile_progress", "run_id": "r2-2-LightLR", "seconds": 60, "volts": 5.397873, "watts": 2.3174796108359996}
{"utc": "2026-09-06T16:57:26.103857+00:00", "event": "profile_progress", "run_id": "r2-2-LightLR", "seconds": 120, "volts": 5.396676, "watts": 2.35921088016}
{"utc": "2026-09-06T16:58:26.164775+00:00", "event": "profile_progress", "run_id": "r2-2-LightLR", "seconds": 180, "volts": 5.394469, "watts": 2.4249109159419997}
{"utc": "2026-09-06T16:59:26.158068+00:00", "event": "profile_progress", "run_id": "r2-2-LightLR", "seconds": 240, "volts": 5.397989, "watts": 2.32081139066}
{"utc": "2026-09-06T17:00:26.165237+00:00", "event": "profile_progress", "run_id": "r2-2-LightLR", "seconds": 300, "volts": 5.397401, "watts": 2.3374200666640004}
{"utc": "2026-09-06T17:01:26.168602+00:00", "event": "profile_progress", "run_id": "r2-2-LightLR", "seconds": 360, "volts": 5.397954, "watts": 2.318345671644}
{"utc": "2026-09-06T17:02:26.168933+00:00", "event": "profile_progress", "run_id": "r2-2-LightLR", "seconds": 420, "volts": 5.397712, "watts": 2.315035495104}
{"utc": "2026-09-06T17:03:26.166056+00:00", "event": "profile_progress", "run_id": "r2-2-LightLR", "seconds": 480, "volts": 5.397413, "watts": 2.3305813437480003}
{"utc": "2026-09-06T17:04:26.169416+00:00", "event": "profile_progress", "run_id": "r2-2-LightLR", "seconds": 540, "volts": 5.396723, "watts": 2.3477795804739996}
{"utc": "2026-09-06T17:05:26.166659+00:00", "event": "profile_progress", "run_id": "r2-2-LightLR", "seconds": 600, "volts": 5.394469, "watts": 2.41256837087}
{"utc": "2026-09-06T17:06:26.166064+00:00", "event": "profile_progress", "run_id": "r2-2-LightLR", "seconds": 660, "volts": 5.397525, "watts": 2.3240231343}
{"utc": "2026-09-06T17:07:26.166237+00:00", "event": "profile_progress", "run_id": "r2-2-LightLR", "seconds": 720, "volts": 5.396844, "watts": 2.345230941264}
{"utc": "2026-09-06T17:08:26.167555+00:00", "event": "profile_progress", "run_id": "r2-2-LightLR", "seconds": 780, "volts": 5.397446, "watts": 2.315806590976}
{"utc": "2026-09-06T17:09:26.167740+00:00", "event": "profile_progress", "run_id": "r2-2-LightLR", "seconds": 840, "volts": 5.39753, "watts": 2.34607959474}
{"utc": "2026-09-06T17:10:26.170990+00:00", "event": "profile_progress", "run_id": "r2-2-LightLR", "seconds": 900, "volts": 5.397917, "watts": 2.309963009312}
{"utc": "2026-09-06T17:11:26.168271+00:00", "event": "profile_progress", "run_id": "r2-2-LightLR", "seconds": 960, "volts": 5.394702, "watts": 2.419987791372}
{"utc": "2026-09-06T17:12:26.171537+00:00", "event": "profile_progress", "run_id": "r2-2-LightLR", "seconds": 1020, "volts": 5.397236, "watts": 2.338255346752}
{"utc": "2026-09-06T17:13:26.168847+00:00", "event": "profile_progress", "run_id": "r2-2-LightLR", "seconds": 1080, "volts": 5.397987, "watts": 2.3277847299839998}
{"utc": "2026-09-06T17:14:26.166321+00:00", "event": "profile_progress", "run_id": "r2-2-LightLR", "seconds": 1140, "volts": 5.397837, "watts": 2.318111895324}
{"utc": "2026-09-06T17:15:26.169212+00:00", "event": "profile_progress", "run_id": "r2-2-LightLR", "seconds": 1200, "volts": 5.397398, "watts": 2.3343314558159998}
{"utc": "2026-09-06T17:16:26.172550+00:00", "event": "profile_progress", "run_id": "r2-2-LightLR", "seconds": 1260, "volts": 5.396643, "watts": 2.352429063558}
{"utc": "2026-09-06T17:17:26.169848+00:00", "event": "profile_progress", "run_id": "r2-2-LightLR", "seconds": 1320, "volts": 5.397991, "watts": 2.3203912072420003}
{"utc": "2026-09-06T17:18:26.170039+00:00", "event": "profile_progress", "run_id": "r2-2-LightLR", "seconds": 1380, "volts": 5.395704, "watts": 2.3508866499840004}
{"utc": "2026-09-06T17:19:26.173326+00:00", "event": "profile_progress", "run_id": "r2-2-LightLR", "seconds": 1440, "volts": 5.396499, "watts": 2.3711569026120003}
{"utc": "2026-09-06T17:20:26.173617+00:00", "event": "profile_progress", "run_id": "r2-2-LightLR", "seconds": 1500, "volts": 5.397991, "watts": 2.3175842519220002}
{"utc": "2026-09-06T17:21:26.163646+00:00", "event": "profile_progress", "run_id": "r2-2-LightLR", "seconds": 1560, "volts": 5.396442, "watts": 2.348186186112}
{"utc": "2026-09-06T17:22:26.171193+00:00", "event": "profile_progress", "run_id": "r2-2-LightLR", "seconds": 1620, "volts": 5.397707, "watts": 2.340618481824}
{"utc": "2026-09-06T17:23:26.166424+00:00", "event": "profile_progress", "run_id": "r2-2-LightLR", "seconds": 1680, "volts": 5.396771, "watts": 2.341421478976}
{"utc": "2026-09-06T17:24:26.165686+00:00", "event": "profile_progress", "run_id": "r2-2-LightLR", "seconds": 1740, "volts": 5.396652, "watts": 2.3466801556799997}
{"utc": "2026-09-06T17:25:26.174949+00:00", "event": "profile_progress", "run_id": "r2-2-LightLR", "seconds": 1800, "volts": 5.397684, "watts": 2.347701065064}
{"utc": "2026-09-06T17:25:27.283423+00:00", "event": "profile_complete", "run_id": "r2-2-LightLR", "repetition": 2, "model": "LightLR", "status": "PASS", "power_samples": 1801, "telemetry_windows": 1800, "observed_duration_seconds": 1800.0062847289992, "energy_joules": 4226.905934130734, "mean_watts": 2.3482728754844975, "voltage_min": 5.379705, "voltage_max": 5.398226, "maximum_temperature_c": 33.589, "scope": "instrumented idle or encoded-input static profile; uncalibrated meter; user-accepted above-label supply"}
{"utc": "2026-09-06T17:25:35.873405+00:00", "event": "profile_scheduled", "run_id": "r2-3-HeavyMLP", "repetition": 2, "model": "HeavyMLP", "start_utc_epoch": 1788715540.871868, "pid": 74293}
{"utc": "2026-09-06T17:25:40.883169+00:00", "event": "profile_progress", "run_id": "r2-3-HeavyMLP", "seconds": 0, "volts": 5.379275, "watts": 2.7966850725}
{"utc": "2026-09-06T17:26:40.881269+00:00", "event": "profile_progress", "run_id": "r2-3-HeavyMLP", "seconds": 60, "volts": 5.391921, "watts": 2.446077313176}
{"utc": "2026-09-06T17:27:40.893982+00:00", "event": "profile_progress", "run_id": "r2-3-HeavyMLP", "seconds": 120, "volts": 5.390406, "watts": 2.5216966116719997}
{"utc": "2026-09-06T17:28:40.902288+00:00", "event": "profile_progress", "run_id": "r2-3-HeavyMLP", "seconds": 180, "volts": 5.397261, "watts": 2.335103382606}
{"utc": "2026-09-06T17:29:40.900823+00:00", "event": "profile_progress", "run_id": "r2-3-HeavyMLP", "seconds": 240, "volts": 5.397198, "watts": 2.3173625220720004}
{"utc": "2026-09-06T17:30:40.903364+00:00", "event": "profile_progress", "run_id": "r2-3-HeavyMLP", "seconds": 300, "volts": 5.396806, "watts": 2.338198580336}
{"utc": "2026-09-06T17:31:40.898909+00:00", "event": "profile_progress", "run_id": "r2-3-HeavyMLP", "seconds": 360, "volts": 5.397385, "watts": 2.33571835875}
{"utc": "2026-09-06T17:32:40.900356+00:00", "event": "profile_progress", "run_id": "r2-3-HeavyMLP", "seconds": 420, "volts": 5.39691, "watts": 2.3404563720600002}
{"utc": "2026-09-06T17:33:40.899169+00:00", "event": "profile_progress", "run_id": "r2-3-HeavyMLP", "seconds": 480, "volts": 5.396674, "watts": 2.3227284896000002}
{"utc": "2026-09-06T17:34:40.899596+00:00", "event": "profile_progress", "run_id": "r2-3-HeavyMLP", "seconds": 540, "volts": 5.391711, "watts": 2.5164409247640003}
{"utc": "2026-09-06T17:35:40.906159+00:00", "event": "profile_progress", "run_id": "r2-3-HeavyMLP", "seconds": 600, "volts": 5.396427, "watts": 2.3708878238880002}
{"utc": "2026-09-06T17:36:40.906650+00:00", "event": "profile_progress", "run_id": "r2-3-HeavyMLP", "seconds": 660, "volts": 5.398041, "watts": 2.3114411562000003}
{"utc": "2026-09-06T17:37:40.905320+00:00", "event": "profile_progress", "run_id": "r2-3-HeavyMLP", "seconds": 720, "volts": 5.396082, "watts": 2.37503153148}
{"utc": "2026-09-06T17:38:40.907933+00:00", "event": "profile_progress", "run_id": "r2-3-HeavyMLP", "seconds": 780, "volts": 5.396676, "watts": 2.364791043144}
{"utc": "2026-09-06T17:39:40.904458+00:00", "event": "profile_progress", "run_id": "r2-3-HeavyMLP", "seconds": 840, "volts": 5.394413, "watts": 2.411777319344}
{"utc": "2026-09-06T17:40:40.904079+00:00", "event": "profile_progress", "run_id": "r2-3-HeavyMLP", "seconds": 900, "volts": 5.39571, "watts": 2.37677788074}
{"utc": "2026-09-06T17:41:40.909569+00:00", "event": "profile_progress", "run_id": "r2-3-HeavyMLP", "seconds": 960, "volts": 5.397818, "watts": 2.343700188692}
{"utc": "2026-09-06T17:42:40.908291+00:00", "event": "profile_progress", "run_id": "r2-3-HeavyMLP", "seconds": 1020, "volts": 5.397725, "watts": 2.3358331074}
{"utc": "2026-09-06T17:43:40.910719+00:00", "event": "profile_progress", "run_id": "r2-3-HeavyMLP", "seconds": 1080, "volts": 5.393797, "watts": 2.42089790751}
{"utc": "2026-09-06T17:44:40.911414+00:00", "event": "profile_progress", "run_id": "r2-3-HeavyMLP", "seconds": 1140, "volts": 5.397987, "watts": 2.316794428452}
{"utc": "2026-09-06T17:45:40.912007+00:00", "event": "profile_progress", "run_id": "r2-3-HeavyMLP", "seconds": 1200, "volts": 5.397579, "watts": 2.347094047518}
{"utc": "2026-09-06T17:46:40.910468+00:00", "event": "profile_progress", "run_id": "r2-3-HeavyMLP", "seconds": 1260, "volts": 5.396091, "watts": 2.352630922908}
{"utc": "2026-09-06T17:47:40.908029+00:00", "event": "profile_progress", "run_id": "r2-3-HeavyMLP", "seconds": 1320, "volts": 5.397031, "watts": 2.331830419798}
{"utc": "2026-09-06T17:48:40.911634+00:00", "event": "profile_progress", "run_id": "r2-3-HeavyMLP", "seconds": 1380, "volts": 5.394696, "watts": 2.394349504464}
{"utc": "2026-09-06T17:49:40.911229+00:00", "event": "profile_progress", "run_id": "r2-3-HeavyMLP", "seconds": 1440, "volts": 5.397301, "watts": 2.3248334327399998}
{"utc": "2026-09-06T17:50:40.914793+00:00", "event": "profile_progress", "run_id": "r2-3-HeavyMLP", "seconds": 1500, "volts": 5.397939, "watts": 2.328606109332}
{"utc": "2026-09-06T17:51:40.912361+00:00", "event": "profile_progress", "run_id": "r2-3-HeavyMLP", "seconds": 1560, "volts": 5.397885, "watts": 2.324329281}
{"utc": "2026-09-06T17:52:40.910854+00:00", "event": "profile_progress", "run_id": "r2-3-HeavyMLP", "seconds": 1620, "volts": 5.396334, "watts": 2.363842523364}
{"utc": "2026-09-06T17:53:40.911528+00:00", "event": "profile_progress", "run_id": "r2-3-HeavyMLP", "seconds": 1680, "volts": 5.392493, "watts": 2.504241394242}
{"utc": "2026-09-06T17:54:40.911816+00:00", "event": "profile_progress", "run_id": "r2-3-HeavyMLP", "seconds": 1740, "volts": 5.397546, "watts": 2.3525096290080003}
{"utc": "2026-09-06T17:55:40.913677+00:00", "event": "profile_progress", "run_id": "r2-3-HeavyMLP", "seconds": 1800, "volts": 5.397543, "watts": 2.317532242824}
{"utc": "2026-09-06T17:55:42.041069+00:00", "event": "profile_complete", "run_id": "r2-3-HeavyMLP", "repetition": 2, "model": "HeavyMLP", "status": "PASS", "power_samples": 1801, "telemetry_windows": 1800, "observed_duration_seconds": 1799.9978031460014, "energy_joules": 4248.28360985484, "mean_watts": 2.3601604415459683, "voltage_min": 5.379275, "voltage_max": 5.398122, "maximum_temperature_c": 33.102, "scope": "instrumented idle or encoded-input static profile; uncalibrated meter; user-accepted above-label supply"}
{"utc": "2026-09-06T17:55:50.574299+00:00", "event": "profile_scheduled", "run_id": "r2-4-TinyDT", "repetition": 2, "model": "TinyDT", "start_utc_epoch": 1788717355.572587, "pid": 76189}
{"utc": "2026-09-06T17:55:55.578925+00:00", "event": "profile_progress", "run_id": "r2-4-TinyDT", "seconds": 0, "volts": 5.379762, "watts": 2.797239530472}
{"utc": "2026-09-06T17:56:55.573535+00:00", "event": "profile_progress", "run_id": "r2-4-TinyDT", "seconds": 60, "volts": 5.396917, "watts": 2.348209380534}
{"utc": "2026-09-06T17:57:55.566465+00:00", "event": "profile_progress", "run_id": "r2-4-TinyDT", "seconds": 120, "volts": 5.396359, "watts": 2.36651927586}
{"utc": "2026-09-06T17:58:55.564635+00:00", "event": "profile_progress", "run_id": "r2-4-TinyDT", "seconds": 180, "volts": 5.397951, "watts": 2.319942176682}
{"utc": "2026-09-06T17:59:55.570895+00:00", "event": "profile_progress", "run_id": "r2-4-TinyDT", "seconds": 240, "volts": 5.397914, "watts": 2.321977482068}
{"utc": "2026-09-06T18:00:55.566107+00:00", "event": "profile_progress", "run_id": "r2-4-TinyDT", "seconds": 300, "volts": 5.396542, "watts": 2.352309485464}
{"utc": "2026-09-06T18:01:55.566410+00:00", "event": "profile_progress", "run_id": "r2-4-TinyDT", "seconds": 360, "volts": 5.395776, "watts": 2.436829565568}
{"utc": "2026-09-06T18:02:55.565368+00:00", "event": "profile_progress", "run_id": "r2-4-TinyDT", "seconds": 420, "volts": 5.391125, "watts": 2.49575662525}
{"utc": "2026-09-06T18:03:55.571849+00:00", "event": "profile_progress", "run_id": "r2-4-TinyDT", "seconds": 480, "volts": 5.397191, "watts": 2.34189514681}
{"utc": "2026-09-06T18:04:55.572167+00:00", "event": "profile_progress", "run_id": "r2-4-TinyDT", "seconds": 540, "volts": 5.398189, "watts": 2.3177124471500004}
{"utc": "2026-09-06T18:05:55.567461+00:00", "event": "profile_progress", "run_id": "r2-4-TinyDT", "seconds": 600, "volts": 5.397914, "watts": 2.3171409511239998}
{"utc": "2026-09-06T18:06:55.572704+00:00", "event": "profile_progress", "run_id": "r2-4-TinyDT", "seconds": 660, "volts": 5.393265, "watts": 2.4077692266}
{"utc": "2026-09-06T18:07:55.569902+00:00", "event": "profile_progress", "run_id": "r2-4-TinyDT", "seconds": 720, "volts": 5.393008, "watts": 2.400665153152}
{"utc": "2026-09-06T18:08:55.571175+00:00", "event": "profile_progress", "run_id": "r2-4-TinyDT", "seconds": 780, "volts": 5.397978, "watts": 2.3142535160280002}
